// Jest Snapshot v1, https://jestjs.io/docs/snapshot-testing

exports[`renders main page unchanged 1`] = `
<div>
  <main
    class="flex bg-gray-100 dark:bg-zinc-800 flex-col items-center justify-between className"
  >
    <section
      class=" rounded-xl  p-2 md:p-12 "
    >
      <div
        class="px-12 mx-auto"
      >
        <div
          class="w-full  mx-auto md:w-11/12 xl:w-9/12 text-center"
        >
          <div
            class="mb-8 flex flex-col text-4xl font-extrabold leading-none tracking-normal text-gray-900 dark:text-white md:text-6xl md:tracking-tight"
          >
            <h1>
              Experiment Controls
            </h1>
             
            <h1
              class="block w-full mt-2 py-2 text-transparent bg-clip-text leading-12 bg-linear-to-r from-green-400 to-purple-500 lg:inline"
            >
              Web Dashboard
            </h1>
             
          </div>
          <div
            class="mb-4 space-x-0 md:space-x-2 md:mb-8"
          >
            <div
              class="relative inline-flex  group"
            >
              <div
                class="absolute transition-all duration-1000 opacity-70 -inset-px bg-linear-to-r from-[#44BCFF] via-[#FF44EC] to-[#FF675E] rounded-xl blur-lg group-hover:opacity-100 group-hover:-inset-1 group-hover:duration-200 animate-tilt"
              />
              <a
                class="relative inline-flex gap-4 items-center justify-center px-8 py-4 text-lg font-bold text-gray-900 dark:text-white transition-all duration-200 bg-white dark:bg-gray-900 font-pj rounded-xl focus:outline-hidden focus:ring-2 focus:ring-offset-2 focus:ring-gray-300 dark:focus:ring-gray-900"
                href="/instruments"
                role="button"
                target="_self"
              >
                View Instruments
                <svg
                  class="fill-current w-6 h-6"
                  clip-rule="evenodd"
                  fill-rule="evenodd"
                  stroke-linejoin="round"
                  stroke-miterlimit="2"
                  viewBox="0 0 24 24"
                  xmlns="http://www.w3.org/2000/svg"
                >
                  <path
                    d="m14.523 18.787s4.501-4.505 6.255-6.26c.146-.146.219-.338.219-.53s-.073-.383-.219-.53c-1.753-1.754-6.255-6.258-6.255-6.258-.144-.145-.334-.217-.524-.217-.193 0-.385.074-.532.221-.293.292-.295.766-.004 1.056l4.978 4.978h-14.692c-.414 0-.75.336-.75.75s.336.75.75.75h14.692l-4.979 4.979c-.289.289-.286.762.006 1.054.148.148.341.222.533.222.19 0 .378-.072.522-.215z"
                    fill-rule="nonzero"
                  />
                </svg>
              </a>
            </div>
          </div>
        </div>
        <div
          class=" mx-auto mt-20 w-full"
        >
          <section
            class=""
          >
            <div
              class="container md:px-6 mx-auto"
            >
              <div
                class="grid grid-cols-1 gap-8 mt-8 xl:mt-12 xl:gap-12 md:grid-cols-2 xl:grid-cols-3"
              >
                <div
                  class="p-8 space-y-3 border-2 border-blue-400 dark:border-blue-300 rounded-xl bg-white dark:bg-zinc-900"
                >
                  <span
                    class="inline-block text-blue-500 dark:text-blue-400"
                  >
                    <svg
                      class="size-10"
                      fill="none"
                      stroke="currentColor"
                      stroke-width="1.5"
                      viewBox="0 0 24 24"
                      xmlns="http://www.w3.org/2000/svg"
                    >
                      <path
                        d="m3.75 13.5 10.5-11.25L12 10.5h8.25L9.75 21.75 12 13.5H3.75Z"
                        stroke-linecap="round"
                        stroke-linejoin="round"
                      />
                    </svg>
                  </span>
                  <h1
                    class="text-xl font-semibold text-zinc-700 capitalize dark:text-white"
                  >
                    Quick Links
                  </h1>
                  <p
                    class="text-zinc-500 dark:text-zinc-300"
                  >
                    View instrument scientist quick links (requires login).
                  </p>
                  <a
                    class="inline-flex p-2 text-blue-500 capitalize transition-colors duration-200 transform bg-blue-100 rounded-full dark:bg-blue-500 dark:text-white hover:underline hover:bg-blue-400 dark:hover:bg-blue-400"
                    href="https://stfc365.sharepoint.com/sites/isis-hub/SitePages/Instrument-Quick-Links.aspx"
                    target="_blank"
                  >
                    <svg
                      class="w-6 h-6"
                      fill="none"
                      stroke="currentColor"
                      viewBox="0 0 24 24"
                      xmlns="http://www.w3.org/2000/svg"
                    >
                      <path
                        d="M13 9l3 3m0 0l-3 3m3-3H8m13 0a9 9 0 11-18 0 9 9 0 0118 0z"
                        stroke-linecap="round"
                        stroke-linejoin="round"
                        stroke-width="2"
                      />
                    </svg>
                  </a>
                </div>
                <div
                  class="p-8 space-y-3 border-2 border-blue-400 dark:border-blue-300 rounded-xl bg-white dark:bg-zinc-900"
                >
                  <span
                    class="inline-block text-blue-500 dark:text-blue-400"
                  >
                    <svg
                      class="size-10"
                      fill="none"
                      stroke="currentColor"
                      stroke-width="1.5"
                      viewBox="0 0 24 24"
                      xmlns="http://www.w3.org/2000/svg"
                    >
                      <path
                        d="M12 6.042A8.967 8.967 0 0 0 6 3.75c-1.052 0-2.062.18-3 .512v14.25A8.987 8.987 0 0 1 6 18c2.305 0 4.408.867 6 2.292m0-14.25a8.966 8.966 0 0 1 6-2.292c1.052 0 2.062.18 3 .512v14.25A8.987 8.987 0 0 0 18 18a8.967 8.967 0 0 0-6 2.292m0-14.25v14.25"
                        stroke-linecap="round"
                        stroke-linejoin="round"
                      />
                    </svg>
                  </span>
                  <h1
                    class="text-xl font-semibold text-zinc-700 capitalize dark:text-white"
                  >
                    Instrument Journals
                  </h1>
                  <p
                    class="text-zinc-500 dark:text-zinc-300"
                  >
                    View recent instrument journal entries (requires login).
                  </p>
                  <a
                    class="inline-flex p-2 text-blue-500 capitalize transition-colors duration-200 transform bg-blue-100 rounded-full dark:bg-blue-500 dark:text-white hover:underline hover:bg-blue-400 dark:hover:bg-blue-400"
                    href="https://shadow.nd.rl.ac.uk/journals/"
                    target="_blank"
                  >
                    <svg
                      class="w-6 h-6"
                      fill="none"
                      stroke="currentColor"
                      viewBox="0 0 24 24"
                      xmlns="http://www.w3.org/2000/svg"
                    >
                      <path
                        d="M13 9l3 3m0 0l-3 3m3-3H8m13 0a9 9 0 11-18 0 9 9 0 0118 0z"
                        stroke-linecap="round"
                        stroke-linejoin="round"
                        stroke-width="2"
                      />
                    </svg>
                  </a>
                </div>
                <div
                  class="p-8 space-y-3 border-2 border-blue-400 dark:border-blue-300 rounded-xl bg-white dark:bg-zinc-900"
                >
                  <span
                    class="inline-block text-blue-500 dark:text-blue-400"
                  >
                    <svg
                      class="size-10"
                      fill="none"
                      stroke="currentColor"
                      stroke-width="1.5"
                      viewBox="0 0 24 24"
                      xmlns="http://www.w3.org/2000/svg"
                    >
                      <path
                        d="M12 7.5h1.5m-1.5 3h1.5m-7.5 3h7.5m-7.5 3h7.5m3-9h3.375c.621 0 1.125.504 1.125 1.125V18a2.25 2.25 0 0 1-2.25 2.25M16.5 7.5V18a2.25 2.25 0 0 0 2.25 2.25M16.5 7.5V4.875c0-.621-.504-1.125-1.125-1.125H4.125C3.504 3.75 3 4.254 3 4.875V18a2.25 2.25 0 0 0 2.25 2.25h13.5M6 7.5h3v3H6v-3Z"
                        stroke-linecap="round"
                        stroke-linejoin="round"
                      />
                    </svg>
                  </span>
                  <h1
                    class="text-xl font-semibold text-zinc-700 capitalize dark:text-white"
                  >
                    Beam status & MCR News
                  </h1>
                  <p
                    class="text-zinc-500 dark:text-zinc-300"
                  >
                    View current beam status & recent MCR news updates.
                  </p>
                  <a
                    class="inline-flex p-2 text-blue-500 capitalize transition-colors duration-200 transform bg-blue-100 rounded-full dark:bg-blue-500 dark:text-white hover:underline hover:bg-blue-400 dark:hover:bg-blue-400"
                    href="https://www.isis.stfc.ac.uk/Pages/Beam-Status.aspx"
                    target="_blank"
                  >
                    <svg
                      class="w-6 h-6"
                      fill="none"
                      stroke="currentColor"
                      viewBox="0 0 24 24"
                      xmlns="http://www.w3.org/2000/svg"
                    >
                      <path
                        d="M13 9l3 3m0 0l-3 3m3-3H8m13 0a9 9 0 11-18 0 9 9 0 0118 0z"
                        stroke-linecap="round"
                        stroke-linejoin="round"
                        stroke-width="2"
                      />
                    </svg>
                  </a>
                </div>
              </div>
            </div>
          </section>
        </div>
      </div>
    </section>
  </main>
</div>
`;
